// Jest Snapshot v1, https://goo.gl/fbAQLP

exports[`Login should render correctly 1`] = `
<div
  className="container"
>
  <div
    className="animation"
  />
  <div
    className="loginForm"
  >
    <div
      className="content"
    >
      <Link
        className="logo"
        to="/"
      >
        <span
          aria-label="video-camera"
          className="anticon anticon-video-camera image"
          role="img"
        >
          <svg
            aria-hidden="true"
            data-icon="video-camera"
            fill="currentColor"
            focusable="false"
            height="1em"
            viewBox="64 64 896 896"
            width="1em"
          >
            <path
              d="M912 302.3L784 376V224c0-35.3-28.7-64-64-64H128c-35.3 0-64 28.7-64 64v576c0 35.3 28.7 64 64 64h592c35.3 0 64-28.7 64-64V648l128 73.7c21.3 12.3 48-3.1 48-27.6V330c0-24.6-26.7-40-48-27.7zM328 352c0 4.4-3.6 8-8 8H208c-4.4 0-8-3.6-8-8v-48c0-4.4 3.6-8 8-8h112c4.4 0 8 3.6 8 8v48zm560 273l-104-59.8V458.9L888 399v226z"
            />
          </svg>
        </span>
        <div
          className="text"
        >
          
        </div>
      </Link>
      <h1
        className="ant-typography ant-typography-ellipsis ant-typography-single-line ant-typography-ellipsis-single-line textWhite title"
        style={
          Object {
            "WebkitLineClamp": undefined,
          }
        }
      >
        Welcome to iFlix
      </h1>
      <span
        className="ant-typography textWhite subTitle"
        style={
          Object {
            "WebkitLineClamp": undefined,
          }
        }
      >
        To enjoy watching interactive films, please login with your google account
      </span>
      <div
        className="googleLogin"
      >
        <button
          className="loginWithGoogleBtn"
          onClick={[Function]}
          type="button"
        >
          Continue with Google
        </button>
      </div>
    </div>
  </div>
</div>
`;
