// Jest Snapshot v1, https://goo.gl/fbAQLP

exports[`CommentThread should render correctly 1`] = `
<div
  className="container"
>
  <div
    className="commentDetails"
  >
    <span
      className="authorName"
    />
    <span
      className="comment"
    >
      
    </span>
  </div>
</div>
`;
