// Jest Snapshot v1, https://goo.gl/fbAQLP

exports[`Navbar should render correctly 1`] = `
<div
  className="container"
>
  <Link
    className="logo"
    to="/"
  >
    <span
      aria-label="video-camera"
      className="anticon anticon-video-camera image"
      role="img"
    >
      <svg
        aria-hidden="true"
        data-icon="video-camera"
        fill="currentColor"
        focusable="false"
        height="1em"
        viewBox="64 64 896 896"
        width="1em"
      >
        <path
          d="M912 302.3L784 376V224c0-35.3-28.7-64-64-64H128c-35.3 0-64 28.7-64 64v576c0 35.3 28.7 64 64 64h592c35.3 0 64-28.7 64-64V648l128 73.7c21.3 12.3 48-3.1 48-27.6V330c0-24.6-26.7-40-48-27.7zM328 352c0 4.4-3.6 8-8 8H208c-4.4 0-8-3.6-8-8v-48c0-4.4 3.6-8 8-8h112c4.4 0 8 3.6 8 8v48zm560 273l-104-59.8V458.9L888 399v226z"
        />
      </svg>
    </span>
    <div
      className="text"
    >
      iFlix Studio
    </div>
  </Link>
  <div
    className="browserView"
  >
    <ul
      className="ant-menu-overflow ant-menu ant-menu-root ant-menu-horizontal ant-menu-light footerMenu"
      data-menu-list={true}
      onKeyDown={[Function]}
      role="menu"
      tabIndex={0}
    >
      <li
        className="ant-menu-overflow-item ant-menu-item ant-menu-item-only-child menuItem"
        data-menu-id={null}
        onClick={[Function]}
        onFocus={[Function]}
        onKeyDown={[Function]}
        onMouseEnter={[Function]}
        onMouseLeave={[Function]}
        role="menuitem"
        style={
          Object {
            "height": undefined,
            "opacity": 1,
            "order": 0,
            "overflowY": undefined,
            "pointerEvents": undefined,
            "position": undefined,
          }
        }
        tabIndex={-1}
      >
        <span
          aria-label="home"
          className="anticon anticon-home ant-menu-item-icon"
          role="img"
        >
          <svg
            aria-hidden="true"
            data-icon="home"
            fill="currentColor"
            focusable="false"
            height="1em"
            viewBox="64 64 896 896"
            width="1em"
          >
            <path
              d="M946.5 505L534.6 93.4a31.93 31.93 0 00-45.2 0L77.5 505c-12 12-18.8 28.3-18.8 45.3 0 35.3 28.7 64 64 64h43.4V908c0 17.7 14.3 32 32 32H448V716h112v224h265.9c17.7 0 32-14.3 32-32V614.3h43.4c17 0 33.3-6.7 45.3-18.8 24.9-25 24.9-65.5-.1-90.5z"
            />
          </svg>
        </span>
        <span
          className="ant-menu-title-content"
        />
      </li>
      <li
        className="ant-menu-overflow-item ant-menu-item ant-menu-item-only-child menuItem"
        data-menu-id={null}
        onClick={[Function]}
        onFocus={[Function]}
        onKeyDown={[Function]}
        onMouseEnter={[Function]}
        onMouseLeave={[Function]}
        role="menuitem"
        style={
          Object {
            "height": undefined,
            "opacity": 1,
            "order": 1,
            "overflowY": undefined,
            "pointerEvents": undefined,
            "position": undefined,
          }
        }
        tabIndex={-1}
      >
        <span
          aria-label="cloud-upload"
          className="anticon anticon-cloud-upload ant-menu-item-icon"
          role="img"
        >
          <svg
            aria-hidden="true"
            data-icon="cloud-upload"
            fill="currentColor"
            focusable="false"
            height="1em"
            viewBox="64 64 896 896"
            width="1em"
          >
            <path
              d="M518.3 459a8 8 0 00-12.6 0l-112 141.7a7.98 7.98 0 006.3 12.9h73.9V856c0 4.4 3.6 8 8 8h60c4.4 0 8-3.6 8-8V613.7H624c6.7 0 10.4-7.7 6.3-12.9L518.3 459z"
            />
            <path
              d="M811.4 366.7C765.6 245.9 648.9 160 512.2 160S258.8 245.8 213 366.6C127.3 389.1 64 467.2 64 560c0 110.5 89.5 200 199.9 200H304c4.4 0 8-3.6 8-8v-60c0-4.4-3.6-8-8-8h-40.1c-33.7 0-65.4-13.4-89-37.7-23.5-24.2-36-56.8-34.9-90.6.9-26.4 9.9-51.2 26.2-72.1 16.7-21.3 40.1-36.8 66.1-43.7l37.9-9.9 13.9-36.6c8.6-22.8 20.6-44.1 35.7-63.4a245.6 245.6 0 0152.4-49.9c41.1-28.9 89.5-44.2 140-44.2s98.9 15.3 140 44.2c19.9 14 37.5 30.8 52.4 49.9 15.1 19.3 27.1 40.7 35.7 63.4l13.8 36.5 37.8 10C846.1 454.5 884 503.8 884 560c0 33.1-12.9 64.3-36.3 87.7a123.07 123.07 0 01-87.6 36.3H720c-4.4 0-8 3.6-8 8v60c0 4.4 3.6 8 8 8h40.1C870.5 760 960 670.5 960 560c0-92.7-63.1-170.7-148.6-193.3z"
            />
          </svg>
        </span>
        <span
          className="ant-menu-title-content"
        />
      </li>
      <li
        className="ant-menu-overflow-item ant-menu-item ant-menu-item-only-child menuItem"
        data-menu-id={null}
        onClick={[Function]}
        onFocus={[Function]}
        onKeyDown={[Function]}
        onMouseEnter={[Function]}
        onMouseLeave={[Function]}
        role="menuitem"
        style={
          Object {
            "height": undefined,
            "opacity": 1,
            "order": 2,
            "overflowY": undefined,
            "pointerEvents": undefined,
            "position": undefined,
          }
        }
        tabIndex={-1}
      >
        <span
          aria-label="logout"
          className="anticon anticon-logout ant-menu-item-icon"
          role="img"
        >
          <svg
            aria-hidden="true"
            data-icon="logout"
            fill="currentColor"
            focusable="false"
            height="1em"
            viewBox="64 64 896 896"
            width="1em"
          >
            <path
              d="M868 732h-70.3c-4.8 0-9.3 2.1-12.3 5.8-7 8.5-14.5 16.7-22.4 24.5a353.84 353.84 0 01-112.7 75.9A352.8 352.8 0 01512.4 866c-47.9 0-94.3-9.4-137.9-27.8a353.84 353.84 0 01-112.7-75.9 353.28 353.28 0 01-76-112.5C167.3 606.2 158 559.9 158 512s9.4-94.2 27.8-137.8c17.8-42.1 43.4-80 76-112.5s70.5-58.1 112.7-75.9c43.6-18.4 90-27.8 137.9-27.8 47.9 0 94.3 9.3 137.9 27.8 42.2 17.8 80.1 43.4 112.7 75.9 7.9 7.9 15.3 16.1 22.4 24.5 3 3.7 7.6 5.8 12.3 5.8H868c6.3 0 10.2-7 6.7-12.3C798 160.5 663.8 81.6 511.3 82 271.7 82.6 79.6 277.1 82 516.4 84.4 751.9 276.2 942 512.4 942c152.1 0 285.7-78.8 362.3-197.7 3.4-5.3-.4-12.3-6.7-12.3zm88.9-226.3L815 393.7c-5.3-4.2-13-.4-13 6.3v76H488c-4.4 0-8 3.6-8 8v56c0 4.4 3.6 8 8 8h314v76c0 6.7 7.8 10.5 13 6.3l141.9-112a8 8 0 000-12.6z"
            />
          </svg>
        </span>
        <span
          className="ant-menu-title-content"
        />
      </li>
      <li
        aria-hidden={true}
        className="ant-menu-overflow-item ant-menu-overflow-item-rest ant-menu-submenu ant-menu-submenu-horizontal"
        onMouseEnter={[Function]}
        onMouseLeave={[Function]}
        role="none"
        style={
          Object {
            "height": 0,
            "opacity": 0,
            "order": 9007199254740991,
            "overflowY": "hidden",
            "pointerEvents": "none",
            "position": "absolute",
          }
        }
      >
        <div
          aria-controls={null}
          aria-expanded={false}
          aria-haspopup={true}
          className="ant-menu-submenu-title"
          data-menu-id={null}
          onClick={[Function]}
          onFocus={[Function]}
          onMouseEnter={[Function]}
          onMouseLeave={[Function]}
          role="menuitem"
          style={null}
          tabIndex={-1}
          title={null}
        >
          <span
            aria-label="ellipsis"
            className="anticon anticon-ellipsis"
            role="img"
          >
            <svg
              aria-hidden="true"
              data-icon="ellipsis"
              fill="currentColor"
              focusable="false"
              height="1em"
              viewBox="64 64 896 896"
              width="1em"
            >
              <path
                d="M176 511a56 56 0 10112 0 56 56 0 10-112 0zm280 0a56 56 0 10112 0 56 56 0 10-112 0zm280 0a56 56 0 10112 0 56 56 0 10-112 0z"
              />
            </svg>
          </span>
          <i
            className="ant-menu-submenu-arrow"
          />
        </div>
      </li>
    </ul>
    <div
      aria-hidden={true}
      style={
        Object {
          "display": "none",
        }
      }
    />
  </div>
</div>
`;
