// Jest Snapshot v1, https://goo.gl/fbAQLP

exports[`WatchList should render correctly 1`] = `
<div
  className="container"
>
  <div
    className="content"
  >
    <div
      className="ant-skeleton ant-skeleton-active"
    >
      <div
        className="ant-skeleton-content"
      >
        <h3
          className="ant-skeleton-title"
          style={
            Object {
              "width": "38%",
            }
          }
        />
        <ul
          className="ant-skeleton-paragraph"
        />
      </div>
    </div>
  </div>
</div>
`;
