// Jest Snapshot v1, https://goo.gl/fbAQLP

exports[`Participants should render correctly 1`] = `
<div
  className="container"
>
  0
  1
  2
  3
  4
  5
  6
  7
  8
  9
  10
  11
  12
  13
  14
  15
</div>
`;
